// Jest Snapshot v1, https://goo.gl/fbAQLP

exports[`SkillsSection no skills 1`] = `
<body>
  <div />
</body>
`;

exports[`SkillsSection some skills 1`] = `
<body>
  <div>
    <section
      class="mb-4"
    >
      <h2
        class="mt-3 mb-4 text-center text-4xl font-bold text-sky-300 md:text-left print:text-left print:text-3xl print:font-semibold className"
      >
        Skills
      </h2>
      <div
        class="typography"
      >
        <ul>
          <li
            class="break-inside-avoid"
          >
            Skill Name One
            <div
              class="text-sm text-zinc-300"
            >
              foo1, bar1
            </div>
          </li>
          <li
            class="break-inside-avoid"
          >
            Skill Name Two
            <div
              class="text-sm text-zinc-300"
            >
              foo2
            </div>
          </li>
        </ul>
      </div>
    </section>
  </div>
</body>
`;
