// Vitest Snapshot v1, https://vitest.dev/guide/snapshot.html

exports[`Page 1`] = `
<body>
  <div>
    <div
      class="border-b-2 border-sky-600 print:hidden"
    >
      <div
        class="h-screen overflow-hidden"
      >
        <header
          class="relative h-screen bg-[url(./bear.jpg)] bg-cover bg-center"
          style="top: 0px;"
        >
          <div
            class="absolute h-48 w-full bg-linear-to-b from-zinc-900 opacity-50"
          />
          <div
            class="absolute w-full p-5 text-center md:pr-16 md:text-right lg:pr-24"
          >
            <h1
              class="text-6xl md:pr-16 md:text-7xl lg:pr-32 lg:text-8xl"
            >
              Aran Clary
            </h1>
            <p
              class="pt-2 text-lg md:pt-3 md:text-2xl lg:pt-5 lg:pr-16"
            >
              Principal Full-Stack Engineer
               • 
              He/Him
            </p>
          </div>
        </header>
      </div>
    </div>
    <header
      class="hidden items-end justify-between pb-4 print:flex"
    >
      <h1
        class="text-5xl font-semibold text-sky-800"
      >
        Aran Clary
      </h1>
      <p>
        Principal Full-Stack Engineer
         • 
        He/Him
         • https://bluefeet.dev
      </p>
    </header>
    <main
      class="mr-auto ml-auto flex max-w-6xl flex-col p-4 pt-0 md:p-8 lg:flex-row lg:pt-8 print:p-0"
    >
      <div
        class="flex flex-wrap lg:order-2 lg:w-2/5 lg:flex-col lg:pl-8 2xl:sticky 2xl:top-0 2xl:h-min print:static print:flex-row print:pb-2 print:pl-0"
      >
        <section
          class="pt-2 md:flex md:pt-0 lg:block print:pb-2"
        >
          <h2
            class="mt-3 mb-4 text-center text-4xl font-bold text-sky-300 md:text-left print:text-left print:text-3xl print:font-semibold mt-3 md:mt-0 md:pr-8 lg:mt-3 lg:pr-0 print:hidden"
          >
            About
          </h2>
          <div
            class="typography"
          >
            <p>
              Principal full-stack engineer with deep experience spanning product development, backend services, cloud infrastructure, and applied AI systems. Builds and improves software across the stack, leads complex technical initiatives, and partners closely with product and engineering teams to deliver reliable, high-impact products.
            </p>
          </div>
        </section>
        <hr
          class="mt-2 mb-2 w-full border-1 border-solid border-sky-600 print:hidden"
        />
        <section
          class="md:w-1/2 lg:w-full print:w-1/2"
        >
          <div
            class="grid grid-cols-[min-content_auto]"
          >
            <div
              class="flex place-items-center p-1 pr-8 pl-8"
            >
              <svg
                class="h-6 w-6 text-amber-400 print:text-sky-600"
                fill="currentColor"
                height="1em"
                viewBox="0 0 256 256"
                width="1em"
                xmlns="http://www.w3.org/2000/svg"
              >
                <path
                  d="M216,40H40A16,16,0,0,0,24,56V200a16,16,0,0,0,16,16H216a16,16,0,0,0,16-16V56A16,16,0,0,0,216,40ZM156,88a12,12,0,1,1-12,12A12,12,0,0,1,156,88Zm60,112H40V160.69l46.34-46.35a8,8,0,0,1,11.32,0h0L165,181.66a8,8,0,0,0,11.32-11.32l-17.66-17.65L173,138.34a8,8,0,0,1,11.31,0L216,170.07V200Z"
                />
              </svg>
            </div>
            <div
              class="pt-2 pb-2"
            >
              Dream Job Traits
              <div
                class="text-sm text-zinc-300"
              >
                Collaboration, innovation, impactful results, teamwork, work-life balance, recognition.
              </div>
            </div>
            <div
              class="flex place-items-center p-1 pr-8 pl-8"
            >
              <svg
                class="h-6 w-6 text-amber-400 print:text-sky-600"
                fill="currentColor"
                height="1em"
                viewBox="0 0 256 256"
                width="1em"
                xmlns="http://www.w3.org/2000/svg"
              >
                <path
                  d="M237.94,107.21a8,8,0,0,0-3.89-5.4l-29.83-17-.12-33.62a8,8,0,0,0-2.83-6.08,111.91,111.91,0,0,0-36.72-20.67,8,8,0,0,0-6.46.59L128,41.85,97.88,25a8,8,0,0,0-6.47-.6A111.92,111.92,0,0,0,54.73,45.15a8,8,0,0,0-2.83,6.07l-.15,33.65-29.83,17a8,8,0,0,0-3.89,5.4,106.47,106.47,0,0,0,0,41.56,8,8,0,0,0,3.89,5.4l29.83,17,.12,33.63a8,8,0,0,0,2.83,6.08,111.91,111.91,0,0,0,36.72,20.67,8,8,0,0,0,6.46-.59L128,214.15,158.12,231a7.91,7.91,0,0,0,3.9,1,8.09,8.09,0,0,0,2.57-.42,112.1,112.1,0,0,0,36.68-20.73,8,8,0,0,0,2.83-6.07l.15-33.65,29.83-17a8,8,0,0,0,3.89-5.4A106.47,106.47,0,0,0,237.94,107.21ZM128,168a40,40,0,1,1,40-40A40,40,0,0,1,128,168Z"
                />
              </svg>
            </div>
            <div
              class="pt-2 pb-2"
            >
              These roles
               would be a great match
              <div
                class="text-sm text-zinc-300"
              >
                <div>
                  Principal Full-Stack Engineer
                </div>
                <div>
                  Staff Software Engineer
                </div>
                <div>
                  Full-Stack Contractor
                </div>
                <div>
                  Engineering Team Lead
                </div>
              </div>
            </div>
            <div
              class="flex place-items-center p-1 pr-8 pl-8"
            >
              <svg
                class="h-6 w-6 text-amber-400 print:text-sky-600"
                fill="currentColor"
                height="1em"
                viewBox="0 0 256 256"
                width="1em"
                xmlns="http://www.w3.org/2000/svg"
              >
                <path
                  d="M208,32H184V24a8,8,0,0,0-16,0v8H88V24a8,8,0,0,0-16,0v8H48A16,16,0,0,0,32,48V208a16,16,0,0,0,16,16H208a16,16,0,0,0,16-16V48A16,16,0,0,0,208,32ZM84,184a12,12,0,1,1,12-12A12,12,0,0,1,84,184Zm44,0a12,12,0,1,1,12-12A12,12,0,0,1,128,184Zm0-40a12,12,0,1,1,12-12A12,12,0,0,1,128,144Zm44,40a12,12,0,1,1,12-12A12,12,0,0,1,172,184Zm0-40a12,12,0,1,1,12-12A12,12,0,0,1,172,144Zm36-64H48V48H72v8a8,8,0,0,0,16,0V48h80v8a8,8,0,0,0,16,0V48h24Z"
                />
              </svg>
            </div>
            <div
              class="pt-2 pb-2"
            >
              With
               
              one of these commitments
              <div
                class="text-sm text-zinc-300"
              >
                Full-time, Contract
              </div>
            </div>
            <div
              class="flex place-items-center p-1 pr-8 pl-8"
            >
              <svg
                class="h-6 w-6 text-amber-400 print:text-sky-600"
                fill="currentColor"
                height="1em"
                viewBox="0 0 256 256"
                width="1em"
                xmlns="http://www.w3.org/2000/svg"
              >
                <path
                  d="M248,208H232V96a8,8,0,0,0,0-16H184V48a8,8,0,0,0,0-16H40a8,8,0,0,0,0,16V208H24a8,8,0,0,0,0,16H248a8,8,0,0,0,0-16ZM80,72H96a8,8,0,0,1,0,16H80a8,8,0,0,1,0-16Zm-8,48a8,8,0,0,1,8-8H96a8,8,0,0,1,0,16H80A8,8,0,0,1,72,120Zm64,88H88V160h48Zm8-80H128a8,8,0,0,1,0-16h16a8,8,0,0,1,0,16Zm0-40H128a8,8,0,0,1,0-16h16a8,8,0,0,1,0,16Zm72,120H184V96h32Z"
                />
              </svg>
            </div>
            <div
              class="pt-2 pb-2"
            >
              In
               
              any of these capacities
              <div
                class="text-sm text-zinc-300"
              >
                On-site, Hybrid, Remote
              </div>
            </div>
          </div>
        </section>
        <hr
          class="mt-2 mb-2 w-full border-1 border-solid border-sky-600 print:hidden md:hidden lg:block"
        />
        <section
          class="md:w-1/2 lg:w-full print:w-1/2"
        >
          <div
            class="grid grid-cols-[min-content_auto]"
          >
            <div
              class="flex place-items-center p-1 pr-8 pl-8"
            >
              <svg
                class="h-6 w-6 text-amber-400 print:text-sky-600"
                fill="currentColor"
                height="1em"
                viewBox="0 0 256 256"
                width="1em"
                xmlns="http://www.w3.org/2000/svg"
              >
                <path
                  d="M128,16a88.1,88.1,0,0,0-88,88c0,75.3,80,132.17,83.41,134.55a8,8,0,0,0,9.18,0C136,236.17,216,179.3,216,104A88.1,88.1,0,0,0,128,16Zm0,56a32,32,0,1,1-32,32A32,32,0,0,1,128,72Z"
                />
              </svg>
            </div>
            <div
              class="pt-2 pb-2"
            >
              Portland, OR, US
              <div
                class="text-sm text-zinc-300"
              >
                Not available to relocate
              </div>
              <div
                class="text-sm text-zinc-300"
              >
                Willing to travel
              </div>
            </div>
            <div
              class="flex place-items-center p-1 pr-8 pl-8"
            >
              <svg
                class="h-6 w-6 text-amber-400 print:text-sky-600"
                fill="currentColor"
                height="1em"
                viewBox="0 0 256 256"
                width="1em"
                xmlns="http://www.w3.org/2000/svg"
              >
                <path
                  d="M128,24a104,104,0,0,0,0,208c21.51,0,44.1-6.48,60.43-17.33a8,8,0,0,0-8.86-13.33C166,210.38,146.21,216,128,216a88,88,0,1,1,88-88c0,26.45-10.88,32-20,32s-20-5.55-20-32V88a8,8,0,0,0-16,0v4.26a48,48,0,1,0,5.93,65.1c6,12,16.35,18.64,30.07,18.64,22.54,0,36-17.94,36-48A104.11,104.11,0,0,0,128,24Zm0,136a32,32,0,1,1,32-32A32,32,0,0,1,128,160Z"
                />
              </svg>
            </div>
            <div
              class="pt-2 pb-2"
            >
              <a
                class="text-sky-400 underline decoration-sky-800 hover:decoration-sky-400 print:text-black print:no-underline"
                href="mailto:bluefeet@gmail.com"
              >
                bluefeet@gmail.com
              </a>
            </div>
            <div
              class="flex place-items-center p-1 pr-8 pl-8"
            >
              <svg
                class="h-6 w-6 text-amber-400 print:text-sky-600"
                fill="currentColor"
                height="1em"
                viewBox="0 0 256 256"
                width="1em"
                xmlns="http://www.w3.org/2000/svg"
              >
                <path
                  d="M216,48H40A16,16,0,0,0,24,64V224a15.84,15.84,0,0,0,9.25,14.5A16.05,16.05,0,0,0,40,240a15.89,15.89,0,0,0,10.25-3.78l.09-.07L83,208H216a16,16,0,0,0,16-16V64A16,16,0,0,0,216,48ZM160,152H96a8,8,0,0,1,0-16h64a8,8,0,0,1,0,16Zm0-32H96a8,8,0,0,1,0-16h64a8,8,0,0,1,0,16Z"
                />
              </svg>
            </div>
            <div
              class="pt-2 pb-2"
            >
              English
            </div>
            <div
              class="flex place-items-center p-1 pr-8 pl-8"
            >
              <svg
                class="h-6 w-6 text-amber-400 print:text-sky-600"
                fill="currentColor"
                height="1em"
                viewBox="0 0 256 256"
                width="1em"
                xmlns="http://www.w3.org/2000/svg"
              >
                <path
                  d="M240,88.23a54.43,54.43,0,0,1-16,37L189.25,160a54.27,54.27,0,0,1-38.63,16h-.05A54.63,54.63,0,0,1,96,119.84a8,8,0,0,1,16,.45A38.62,38.62,0,0,0,150.58,160h0a38.39,38.39,0,0,0,27.31-11.31l34.75-34.75a38.63,38.63,0,0,0-54.63-54.63l-11,11A8,8,0,0,1,135.7,59l11-11A54.65,54.65,0,0,1,224,48,54.86,54.86,0,0,1,240,88.23ZM109,185.66l-11,11A38.41,38.41,0,0,1,70.6,208h0a38.63,38.63,0,0,1-27.29-65.94L78,107.31A38.63,38.63,0,0,1,144,135.71a8,8,0,0,0,16,.45A54.86,54.86,0,0,0,144,96a54.65,54.65,0,0,0-77.27,0L32,130.75A54.62,54.62,0,0,0,70.56,224h0a54.28,54.28,0,0,0,38.64-16l11-11A8,8,0,0,0,109,185.66Z"
                />
              </svg>
            </div>
            <div
              class="pt-2 pb-2"
            >
              <div>
                <a
                  class="text-sky-400 underline decoration-sky-800 hover:decoration-sky-400 print:text-black print:no-underline"
                  href="https://www.linkedin.com/in/bluefeet/"
                >
                  LinkedIn
                </a>
                <div
                  class="text-sm text-zinc-300 hidden print:block"
                >
                  https://www.linkedin.com/in/bluefeet/
                </div>
              </div>
              <div>
                <a
                  class="text-sky-400 underline decoration-sky-800 hover:decoration-sky-400 print:text-black print:no-underline"
                  href="https://github.com/bluefeet"
                >
                  GitHub
                </a>
                <div
                  class="text-sm text-zinc-300 hidden print:block"
                >
                  https://github.com/bluefeet
                </div>
              </div>
              <a
                class="text-sky-400 underline decoration-sky-800 hover:decoration-sky-400 print:text-black print:no-underline print:hidden"
                href="/resume.pdf"
              >
                PDF Resume
              </a>
              <br />
            </div>
          </div>
        </section>
        <hr
          class="mt-2 mb-2 w-full border-1 border-solid border-sky-600 print:hidden lg:hidden"
        />
      </div>
      <div
        class="lg:order-1 lg:w-3/5"
      >
        <section
          class="mb-4"
        >
          <h2
            class="mt-3 mb-4 text-center text-4xl font-bold text-sky-300 md:text-left print:text-left print:text-3xl print:font-semibold"
          >
            Skills
          </h2>
          <div
            class="typography"
          >
            <ul>
              <li
                class="break-inside-avoid"
              >
                Frontend Development
                <div
                  class="text-sm text-zinc-300"
                >
                  TypeScript, React, Responsive Design, Jest, Vitest, CSS, Tailwind CSS, Chakra UI, HTML, JavaScript, Next.js, Vite
                </div>
              </li>
              <li
                class="break-inside-avoid"
              >
                Backend Development
                <div
                  class="text-sm text-zinc-300"
                >
                  Node.js, REST APIs, Git, Linux, Docker, Nginx, Perl, Bash, OpenAI Agents SDK, Amazon Bedrock, AWS Lambda
                </div>
              </li>
              <li
                class="break-inside-avoid"
              >
                Data Engineering
                <div
                  class="text-sm text-zinc-300"
                >
                  MongoDB, Memcached, DynamoDB, MySQL, Redis, PostgreSQL, Embeddings
                </div>
              </li>
              <li
                class="break-inside-avoid"
              >
                Cloud and Platform
                <div
                  class="text-sm text-zinc-300"
                >
                  Infrastructure as Code, AWS CDK, Terraform, CI/CD, Grafana, ECR/ECS, Kubernetes, CloudFront, Cloudflare, GCP
                </div>
              </li>
              <li
                class="break-inside-avoid"
              >
                Leadership and Collaboration
                <div
                  class="text-sm text-zinc-300"
                >
                  Collaboration, Agile Delivery, Mentoring, Release Management, Stakeholder Management, Requirements Gathering, Technical Writing, Emotional Intelligence, Active Listening
                </div>
              </li>
            </ul>
          </div>
        </section>
        <hr
          class="mt-2 mb-2 w-full border-1 border-solid border-sky-600 print:hidden mb-5 lg:hidden"
        />
        <section
          class="lg:pt-4 print:pt-0"
        >
          <h2
            class="mt-3 mb-4 text-center text-4xl font-bold text-sky-300 md:text-left print:text-left print:text-3xl print:font-semibold print:break-before-page"
          >
            Experience
          </h2>
          <h3
            class="mt-5 mb-0 text-3xl text-sky-400"
          >
            GoGuardian
          </h3>
          <div
            class="text-sm text-zinc-300 mb-3"
          >
            Senior Software Engineer | Sep 2024  - Now | Full-time | Remote
          </div>
          <div
            class="typography mb-3"
          >
            <p>
              Work as a full-stack engineer on teacher-facing products and internal AI systems, building frontend and backend functionality while contributing to applied AI initiatives around agent-based workflows, developer tooling, and model quality.
            </p>
          </div>
          <div
            class="typography mb-3 text-sm"
          >
            <ul>
              <li>
                Developed features and improvements for a Google Slides add-on and PowerPoint add-in that enabled teachers to deliver interactive presentations to students.
              </li>
              <li>
                Regularly resolved accessibility issues identified through third-party audits, improving teacher-facing products and reinforcing familiarity with WCAG and accessibility best practices.
              </li>
              <li>
                Led a team of engineers building internal AI developer tools for agent workflows and output quality, improving reliability, reducing token usage and cost, and speeding up development time.
              </li>
              <li>
                Developed with the OpenAI Agents SDK and built custom agent skills for internal AI workflows and automation.
              </li>
              <li>
                Built a hackathon proof of concept for school districts that used Databricks to provide insights into student outcomes.
              </li>
            </ul>
          </div>
          <div
            class="typography mb-3"
          >
            Skills I 
            am using
             during this time include
             
            TypeScript, React, Node.js, OpenAI Agents SDK, Agent Skills, Agent-Based Systems, Accessibility, WCAG, MongoDB, GCP, Google Workspace Add-ons
            , and 
            Office Add-ins
            .
          </div>
          <h3
            class="mt-5 mb-0 text-3xl text-sky-400"
          >
            ASU Learning Enterprise
          </h3>
          <div
            class="text-sm text-zinc-300 mb-3"
          >
            Full-Stack Engineering Contractor | May 2023  - Sep 2024 | Contract | Remote
          </div>
          <div
            class="typography mb-3"
          >
            <p>
              Built the foundation of a new AI application designed to help prospective learners navigate education options. Worked closely with product and engineering teams to gather requirements, write technical documentation, establish engineering practices, build a data ingestion pipeline, develop the initial proof of concept, and mentor junior engineers.
            </p>
          </div>
          <div
            class="typography mb-3"
          >
            Skills I 
            used
             during this time include
            d 
            TypeScript, AWS CDK, Amazon Bedrock, Figma, Agile, Vue/Nuxt, ECS/ECR, Embeddings, MongoDB Atlas, ALB, CloudFront
            , and 
            RAG
            .
          </div>
          <h3
            class="mt-5 mb-0 text-3xl text-sky-400"
          >
            GoGuardian
          </h3>
          <div
            class="text-sm text-zinc-300 mb-3"
          >
            Security Engineering Contractor | Dec 2023  - Mar 2024 | Contract | Remote
          </div>
          <div
            class="typography mb-3"
          >
            <p>
              Joined GoGuardian on a short-term contract to help the company prepare for a critical security audit. Contributed immediately to high-priority work that helped the team meet audit requirements on a tight timeline.
            </p>
          </div>
          <div
            class="typography mb-3"
          >
            Skills I 
            used
             during this time include
            d 
            Node.js, Security Auditing, GCP, Babel, Webpack, Jest, TypeScript, Pug, Flow, Docker
            , and 
            Git
            .
          </div>
          <h3
            class="mt-5 mb-0 text-3xl text-sky-400"
          >
            ZipRecruiter
          </h3>
          <div
            class="text-sm text-zinc-300 mb-3"
          >
            Principal Software Engineer | Feb 2014  - May 2023 | Full-time | Remote | Santa Monica, CA, US
          </div>
          <div
            class="typography mb-3"
          >
            <p>
              Held a broad principal-level role spanning DevOps, cloud infrastructure, developer productivity, and product engineering. Improved release reliability, expanded engineering visibility, mentored junior engineers, wrote technical documentation and specifications, and helped drive the company's evolution from a monolithic codebase toward microservices while partnering closely with product teams on high-impact work.
            </p>
          </div>
          <div
            class="typography mb-3 text-sm"
          >
            <ul>
              <li>
                Improved the codebase by replacing complex sections with simpler, more maintainable solutions that were better documented and had stronger test coverage.
              </li>
              <li>
                Created a development database replication system using filesystem snapshots and cross-region replication, enabling instant access to destructible production datasets.
              </li>
              <li>
                Introduced Grafana, continuous integration, Slack, reusable test data fixtures, and other tools that improved engineering visibility and productivity.
              </li>
              <li>
                Championed test coverage, documentation, and maintainable engineering practices across the organization.
              </li>
            </ul>
          </div>
          <div
            class="typography mb-3"
          >
            Skills I 
            used
             during this time include
            d 
            DevOps, CI/CD, Perl, MySQL, Linux, AWS, React, TypeScript, Kubernetes, Docker, Git
            , and 
            Golang
            .
          </div>
          <h3
            class="mt-5 mb-0 text-3xl text-sky-400"
          >
            Rent.com
          </h3>
          <div
            class="text-sm text-zinc-300 mb-3"
          >
            Principal Architect | Apr 2011  - Mar 2014 | Full-time | On-site | Santa Monica, CA, US
          </div>
          <div
            class="typography mb-3"
          >
            <p>
              Worked across architecture, backend and frontend development, engineering management, hiring, release management, and DevOps ownership. Researched and integrated new technologies, built internal engineering infrastructure, mentored teammates, wrote documentation and tests, and contributed heavily to product and platform code.
            </p>
          </div>
          <div
            class="typography mb-3 text-sm"
          >
            <ul>
              <li>
                Helped overhaul the renter-facing website, delivering a more modern experience with strong desktop and mobile performance through responsive design.
              </li>
              <li>
                Spearheaded the migration from Subversion to Git.
              </li>
              <li>
                Created a deployment dashboard that aggregated data from JIRA and Git, providing real-time visibility into blocked releases and pending changes.
              </li>
              <li>
                Established a dedicated DevOps team.
              </li>
              <li>
                Led the migration of the company's infrastructure to a new data and authorization platform after the company was acquired by a competitor.
              </li>
            </ul>
          </div>
          <div
            class="typography mb-3"
          >
            Skills I 
            used
             during this time include
            d 
            Team Manager, Scrum Master, Project Manager, Release Manager, Perl, Git, Oracle SQL, JavaScript, HTML, CSS, DevOps
            , and 
            Technical Writing
            .
          </div>
          <h3
            class="mt-5 mb-0 text-3xl text-sky-400"
          >
            ValueClick
          </h3>
          <div
            class="text-sm text-zinc-300 mb-3"
          >
            Software Engineer | Jan 2005  - Apr 2011 | Full-time | On-site | Thousand Oaks, CA, US
          </div>
          <div
            class="typography mb-3"
          >
            <p>
              Grew into a highly impactful engineering role at a large ad network, contributing across application development, reporting infrastructure, team management, onboarding, and platform scale. Led important delivery efforts, partnered closely with the database team, and helped integrate newly acquired technology and engineering teams.
            </p>
          </div>
          <div
            class="typography mb-3 text-sm"
          >
            <ul>
              <li>
                Led a year-long effort with a two-person team to overhaul the publisher administration portal.
              </li>
              <li>
                Developed a reporting data retrieval library that decoupled retrieval logic from data requirements, making data source changes easier to support.
              </li>
              <li>
                Managed a team of developers, conducted interviews, streamlined onboarding, and trained new hires.
              </li>
              <li>
                Helped integrate the software, systems, and developers of a newly acquired company into the organization.
              </li>
              <li>
                Collaborated closely with the database team to scale our infrastructure, enabling seamless management of billions of daily impressions and facilitating efficient generation of aggregate data views.
              </li>
              <li>
                Rewrote the monthly publisher payout process, ensuring resilience to failures and significantly reducing its runtime.
              </li>
            </ul>
          </div>
          <div
            class="typography mb-3"
          >
            Skills I 
            used
             during this time include
            d 
            Team Manager, Perl, JavaScript, HTML, CSS
            , and 
            Oracle SQL
            .
          </div>
          <h3
            class="mt-5 mb-0 text-3xl text-sky-400"
          >
            Thinkstock
          </h3>
          <div
            class="text-sm text-zinc-300 mb-3"
          >
            Software Engineer | Apr 2003  - Dec 2004 | Full-time | On-site | Charlotte, NC, US
          </div>
          <div
            class="typography mb-3"
          >
            <p>
              Served as one of two developers responsible for custom-built servers storing terabytes of image and video assets. Managed OS and software updates, shipped website improvements, improved efficiency, and supported marketing and sales needs through product and operational work.
            </p>
          </div>
          <div
            class="typography mb-3"
          >
            Skills I 
            used
             during this time include
            d 
            Perl, Mason, JavaScript, HTML, CSS
            , and 
            MySQL
            .
          </div>
          <h3
            class="mt-5 mb-0 text-3xl text-sky-400"
          >
            IDForce
          </h3>
          <div
            class="text-sm text-zinc-300 mb-3"
          >
            Engineering Lead | May 2001  - Mar 2002 | Full-time | Hybrid | Charlotte, NC, US
          </div>
          <div
            class="typography mb-3"
          >
            <p>
              Independently developed an online collaboration tool for a London-based startup with live whiteboards, chat, and file sharing. Worked directly with the design team in London and developed an AJAX-like interaction pattern before the term became common in the industry.
            </p>
          </div>
          <div
            class="typography mb-3"
          >
            Skills I 
            used
             during this time include
            d 
            Perl, MySQL, JavaScript, HTML
            , and 
            CSS
            .
          </div>
          <h3
            class="mt-5 mb-0 text-3xl text-sky-400"
          >
            Silent Forest
          </h3>
          <div
            class="text-sm text-zinc-300 mb-3"
          >
            Software Engineer and Sysadmin | Jan 1996  - Apr 2003 | Freelance | Hybrid | CA & NC, US
          </div>
          <div
            class="typography mb-3"
          >
            <p>
              Delivered end-to-end web solutions for a wide range of domestic and international clients, owning projects from discovery and architecture through implementation and launch. Built software, managed systems, and translated client needs into practical technical solutions for small and mid-sized businesses.
            </p>
          </div>
          <div
            class="typography mb-3"
          >
            Skills I 
            used
             during this time include
            d 
            Perl, MySQL, JavaScript, HTML, CSS, Linux
            , and 
            GIS
            .
          </div>
          <h3
            class="mt-5 mb-0 text-3xl text-sky-400"
          >
            MapCruzin
          </h3>
          <div
            class="text-sm text-zinc-300 mb-3"
          >
            Co-Founder | Jan 1994  - Jan 1996 | Full-time | On-site | Santa Cruz, CA, US
          </div>
          <div
            class="typography mb-3"
          >
            <p>
              Co-founded a company that built mapping software and web tools for government agencies and non-profit organizations. Led both backend and frontend development, supported contract work, and helped deliver software that improved transparency and public access to environmental information.
            </p>
          </div>
          <div
            class="typography mb-3"
          >
            Skills I 
            used
             during this time include
            d 
            GIS, Visual Basic, Perl
            , and 
            HTML
            .
          </div>
        </section>
        <hr
          class="mt-2 mb-2 w-full border-1 border-solid border-sky-600 print:hidden mt-5 mb-5 lg:hidden"
        />
        <section
          class="lg:pt-4 lg:pb-2 print:hidden"
        >
          <h2
            class="mt-3 mb-4 text-center text-4xl font-bold text-sky-300 md:text-left print:text-left print:text-3xl print:font-semibold"
          >
            Recommendations
          </h2>
          <div
            class="pt-4 pb-4 last:pb-0"
          >
            <div
              class="flex"
            >
              <div
                class="pr-4 text-6xl text-sky-400"
              >
                “
              </div>
              <div
                class="typography"
              >
                <div
                  class="typography"
                >
                  <p>
                    It is difficult to overstate the impact that [Aran] has made at the two companies where I’ve been grateful to be his colleague. As a mentor, he has had the largest impact on my career journey of any engineer I’ve ever worked with.
                  </p>
                </div>
              </div>
            </div>
            <div
              class="pl-16"
            >
              <p
                class="text-xl"
              >
                Mike Rozek
              </p>
              <div
                class="text-sm text-zinc-300"
              >
                Mike and Aran both worked at Rent.com, ZipRecruiter, and GoGuardian in various roles
              </div>
            </div>
          </div>
          <div
            class="pt-4 pb-4 last:pb-0"
          >
            <div
              class="flex"
            >
              <div
                class="pr-4 text-6xl text-sky-400"
              >
                “
              </div>
              <div
                class="typography"
              >
                <div
                  class="typography"
                >
                  <p>
                    I have worked with countless engineers, usually of very high caliber, but engineers of Aran's talents are far and few in between. I have had the privilege of working with Aran for almost three years now, and grew to rely on his instincts, and technical depth.
                  </p>
                  

                  <p>
                    Aran is the kind of engineer who can build a startup from the ground up, efficiently, fast, with a good solid architecture and a keen sense of the big picture, and yet he is also able to deep dive and solve very elusive technical issues, or find good opportunities for optimization, often while reviewing others' code.
                  </p>
                  

                  <p>
                    Aran has a very positive attitude, one that is calming and infectious, and a strong sense that he can accomplish anything. That, in turn, builds confidence in the team he is leading, motivating them while getting them excited about whatever project he is leading.
                  </p>
                  

                  <p>
                    It has been a true pleasure watching Aran mentor other engineers, and come up with tools / ideas, completely of his own initiative to drive efficiency and better collaboration.
                  </p>
                  

                  <p>
                    Aran will always be on my short-list of top engineers I would not hesitate to work with again.
                  </p>
                </div>
              </div>
            </div>
            <div
              class="pl-16"
            >
              <p
                class="text-xl"
              >
                Alain Avakian
              </p>
              <div
                class="text-sm text-zinc-300"
              >
                Alain was the CTO of Rent.com and directly managed Aran
              </div>
            </div>
          </div>
          <div
            class="pt-4 pb-4 last:pb-0"
          >
            <div
              class="flex"
            >
              <div
                class="pr-4 text-6xl text-sky-400"
              >
                “
              </div>
              <div
                class="typography"
              >
                <div
                  class="typography"
                >
                  <p>
                    Aran succeeded in making me feel welcome and productive as a new developer in his organization nearly instantly. He provided the perfect amount of guidance, support, and mentoring I needed to come up to speed quickly on a large codebase. He's a spectacular programmer, a thoughtful manager, a kind person, and an unbeatable addition to any team.
                  </p>
                </div>
              </div>
            </div>
            <div
              class="pl-16"
            >
              <p
                class="text-xl"
              >
                Eduardo Ariño de la Rubia
              </p>
              <div
                class="text-sm text-zinc-300"
              >
                Ed was a senior software engineer at Rent.com and directly reported to Aran
              </div>
            </div>
          </div>
          <div
            class="pt-4 pb-4 last:pb-0"
          >
            <div
              class="flex"
            >
              <div
                class="pr-4 text-6xl text-sky-400"
              >
                “
              </div>
              <div
                class="typography"
              >
                <div
                  class="typography"
                >
                  <p>
                    Working with Aran was a complete joy. He maintained a high level of focus on both the quality of his code and the overall quality of the product he was delivering to our customers. I served as the product manager for Aran’s teams over numerous projects spanning almost four years. I was always amazed by his empathy and kindness on a personal level and the dedication to awesome work on a professional level. His heart and mind are always in the right place.
                  </p>
                  

                  <p>
                    If there was a Perl Coders Hall of Fame, this man would get in on the first ballot. I would love the opportunity to work with Aran again. Any team that can count [Aran] as one of its members is truly made better for it.
                  </p>
                </div>
              </div>
            </div>
            <div
              class="pl-16"
            >
              <p
                class="text-xl"
              >
                Eric Feay
              </p>
              <div
                class="text-sm text-zinc-300"
              >
                Eric was the product manager for Aran's team at ValueClick
              </div>
            </div>
          </div>
        </section>
      </div>
    </main>
    <div
      class="sticky bottom-0 float-right flex justify-end gap-x-4 p-4 print:hidden"
    >
      <button
        aria-label="Play Nature Sounds"
        class="border-[2px] border-solid border-amber-500 bg-zinc-800/50 p-[4px] focus:border-[4px] focus:p-[2px] focus:outline-hidden"
      >
        <svg
          class="h-10 w-10"
          fill="currentColor"
          height="1em"
          viewBox="0 0 256 256"
          width="1em"
          xmlns="http://www.w3.org/2000/svg"
        >
          <path
            d="M232.4,114.49,88.32,26.35a16,16,0,0,0-16.2-.3A15.86,15.86,0,0,0,64,39.87V216.13A15.94,15.94,0,0,0,80,232a16.07,16.07,0,0,0,8.36-2.35L232.4,141.51a15.81,15.81,0,0,0,0-27ZM80,215.94V40l143.83,88Z"
          />
        </svg>
      </button>
      <button
        aria-label="Scroll to Content"
        class="border-[2px] border-solid border-amber-500 bg-zinc-800/50 p-[4px] focus:border-[4px] focus:p-[2px] focus:outline-hidden"
      >
        <svg
          class="h-10 w-10 transition duration-300 ease-in-out rotate-180"
          fill="currentColor"
          height="1em"
          viewBox="0 0 256 256"
          width="1em"
          xmlns="http://www.w3.org/2000/svg"
        >
          <path
            d="M205.66,117.66a8,8,0,0,1-11.32,0L136,59.31V216a8,8,0,0,1-16,0V59.31L61.66,117.66a8,8,0,0,1-11.32-11.32l72-72a8,8,0,0,1,11.32,0l72,72A8,8,0,0,1,205.66,117.66Z"
          />
        </svg>
      </button>
    </div>
    <footer
      class="border-t-2 border-solid border-zinc-800 p-4 text-center print:hidden"
    >
      <div
        class="text-sm text-zinc-300"
      >
        Site built with 
        <a
          class="text-sky-400 underline decoration-sky-800 hover:decoration-sky-400 print:text-black print:no-underline"
          href="https://nextjs.org/"
        >
          Next.js
        </a>
         and
         
        <a
          class="text-sky-400 underline decoration-sky-800 hover:decoration-sky-400 print:text-black print:no-underline"
          href="https://tailwindcss.com/"
        >
          Tailwind CSS
        </a>
        , hosted for free by 
        <a
          class="text-sky-400 underline decoration-sky-800 hover:decoration-sky-400 print:text-black print:no-underline"
          href="https://pages.cloudflare.com/"
        >
          Cloudflare
        </a>
        , source on
         
        <a
          class="text-sky-400 underline decoration-sky-800 hover:decoration-sky-400 print:text-black print:no-underline"
          href="https://github.com/bluefeet/bluefeet.dev"
        >
          GitHub
        </a>
        .
        <br />
        © Aran Clary
      </div>
    </footer>
    <footer
      class="hidden justify-between pt-8 text-right print:flex"
    >
      <div
        class="text-sm text-zinc-300"
      >
        Generated 
        January 6th, 2024
      </div>
      <div
        class="text-sm text-zinc-300"
      >
        © Aran Clary
      </div>
    </footer>
  </div>
</body>
`;
